[www.bughunterr.com/index.html]
[backblue.gif]
[fade.gif]
[index.html]
[www.bughunterr.com/css/components.css]
[www.bughunterr.com/css/icons.css]
[www.bughunterr.com/css/responsee.css]
[www.bughunterr.com/owl-carousel/owl.carousel.css]
[www.bughunterr.com/owl-carousel/owl.theme.css]
[www.bughunterr.com/css/lightcase.css]
[www.bughunterr.com/css/style.css]
[www.bughunterr.com/img/favicon.ico]
[www.bughunterr.com/css/template-style.css]
[www.bughunterr.com/js/jquery-1.8.3.min.js]
[www.bughunterr.com/js/jquery-ui.min.js]
[www.bughunterr.com/index-2.html]
[www.bughunterr.com/index-3.html]
[www.bughunterr.com/img/lob2.png]
[www.bughunterr.com/img/lob.png]
[www.bughunterr.com/img/bughunterr.gif]
[www.bughunterr.com/img/responsive-01.jpg]
[www.bughunterr.com/img/6.jpg]
[www.bughunterr.com/img/7.jpg]
[www.bughunterr.com/img/8.jpg]
[www.bughunterr.com/hall/fb.png]
[www.bughunterr.com/hall/bugcrowd.png]
[www.bughunterr.com/hall/sony.png]
[www.bughunterr.com/hall/intel.png]
[www.bughunterr.com/hall/edmodo.png]
[www.bughunterr.com/hall/Geeksforgeeks.png]
[www.bughunterr.com/hall/lastpass.png]
[www.bughunterr.com/hall/soundcloud.png]
[www.bughunterr.com/hall/owncloud.png]
[www.bughunterr.com/hall/netgear.png]
[www.bughunterr.com/hall/fitbit.png]
[www.bughunterr.com/hall/caviar.png]
[www.bughunterr.com/hall/gradle.png]
[www.bughunterr.com/img/days.png]
[www.bughunterr.com/img/project.png]
[www.bughunterr.com/img/cloud-instances.png]
[www.bughunterr.com/img/client.png]
[www.bughunterr.com/img/ind/education.png]
[www.bughunterr.com/img/ind/retail.png]
[www.bughunterr.com/img/ind/logistics.png]
[www.bughunterr.com/img/ind/realEstate.png]
[www.bughunterr.com/img/ind/healthcare.png]
[www.bughunterr.com/img/ind/travel.png]
[www.bughunterr.com/img/ind/food.png]
[www.bughunterr.com/img/ind/social.png]
[www.bughunterr.com/img/quate.png]
[cdn.jsdelivr.net/npm/slick-carousel@1.8.1/slick/slick.css]
[cdn.jsdelivr.net/npm/slick-carousel@1.8.1/slick/slick-theme.css]
[www.bughunterr.com/js/responsee.js]
[www.bughunterr.com/owl-carousel/owl.carousel.js]
[www.bughunterr.com/js/template-scripts.js]
[www.bughunterr.com/js/cascade-slider.js]
[cdn.jsdelivr.net/npm/slick-carousel@1.8.1/slick/slick.min.js]
[www.bughunterr.com/js/jqBootstrapValidation.js]
[www.bughunterr.com/js/contact_me.js]
[www.bughunterr.com/index.html]
[www.bughunterr.com/img/map-bg.png]
[www.bughunterr.com/css/components.css]
[www.bughunterr.com/font/mfglabsiconset-webfont.eot]
[www.bughunterr.com/font/mfglabsiconset-webfontd41dd41d.eot]
[www.bughunterr.com/font/mfglabsiconset-webfont.woff]
[www.bughunterr.com/font/mfglabsiconset-webfont.ttf]
[www.bughunterr.com/font/Simple-Line-Icons6c546c54.eot]
[www.bughunterr.com/font/Simple-Line-Icons6c546c54.ttf]
[www.bughunterr.com/font/Simple-Line-Icons6c546c54.html]
[www.bughunterr.com/font/Simple-Line-Icons6c546c54.woff]
[www.bughunterr.com/css/icons.css]
[www.bughunterr.com/css/responsee.css]
[www.bughunterr.com/owl-carousel/owl.video.play.png]
[www.bughunterr.com/owl-carousel/owl.carousel.css]
[www.bughunterr.com/owl-carousel/owl.theme.css]
[www.bughunterr.com/fonts/lightcaseeeadeead.html]
[www.bughunterr.com/fonts/lightcaseeead-2eead.html]
[www.bughunterr.com/fonts/lightcaseeead-3eead.html]
[www.bughunterr.com/fonts/lightcaseeead-4eead.html]
[www.bughunterr.com/css/lightcase.css]
[www.bughunterr.com/css/style.css]
[www.bughunterr.com/img/hacker.jpg]
[www.bughunterr.com/css/template-style.css]
[www.bughunterr.com/index-2.html]
[www.bughunterr.com/img/app.png]
[www.bughunterr.com/index-3.html]
[www.bughunterr.com/img/arrow-object-dark.svg]
[cdn.jsdelivr.net/npm/slick-carousel@1.8.1/slick/slick.css]
[cdn.jsdelivr.net/npm/slick-carousel@1.8.1/slick/ajax-loader.gif]
[cdn.jsdelivr.net/npm/slick-carousel@1.8.1/slick/fonts/slick.eot]
[cdn.jsdelivr.net/npm/slick-carousel@1.8.1/slick/fonts/slickd41d.eot]
[cdn.jsdelivr.net/npm/slick-carousel@1.8.1/slick/fonts/slick.woff]
[cdn.jsdelivr.net/npm/slick-carousel@1.8.1/slick/fonts/slick.ttf]
[cdn.jsdelivr.net/npm/slick-carousel@1.8.1/slick/fonts/slick.svg]
[cdn.jsdelivr.net/npm/slick-carousel@1.8.1/slick/slick-theme.css]
[www.bughunterr.com/font/mfglabsiconset-webfont.svg]
[www.bughunterr.com/font/Simple-Line-Icons6c546c54.html]
[www.bughunterr.com/font/Simple-Line-Icons6c546c54.svg]
[www.bughunterr.com/fonts/lightcaseeeadeead.html]
[www.bughunterr.com/fonts/lightcaseeead-2eead.html]
[www.bughunterr.com/fonts/lightcaseeead-3eead.html]
[www.bughunterr.com/fonts/lightcaseeead-4eead.html]
[cdn.jsdelivr.net/npm/slick-carousel@1.8.1/slick/fonts/slick.svg]
